// Jest Snapshot v1, https://goo.gl/fbAQLP

exports[`about page - snapshot test 1`] = `
<div
  style={
    Object {
      "border": "1px solid #DDD",
      "margin": 20,
      "padding": 20,
    }
  }
>
  <div
    className="header"
  >
    <nav>
      <a
        href="/"
        onClick={[Function]}
      >
        Home
      </a>
      <a
        href="/about"
        onClick={[Function]}
      >
        About
      </a>
      <div
        className="langSwitcher"
      >
        <select
          defaultValue="en"
          onChange={[Function]}
        >
          <option
            value="fr"
          >
            French
          </option>
          <option
            value="en"
          >
            English
          </option>
        </select>
      </div>
    </nav>
  </div>
  <p>
    This is the about page!
  </p>
</div>
`;
